../Core/Src/CANSPI.c:39:6:CANSPI_Sleep	8	static
../Core/Src/CANSPI.c:51:19:CANSPI_Initialize	40	static
../Core/Src/CANSPI.c:163:19:CANSPI_Transmit	24	static
../Core/Src/CANSPI.c:211:19:CANSPI_Receive	40	static
../Core/Src/CANSPI.c:262:9:CANSPI_messagesInBuffer	16	static
../Core/Src/CANSPI.c:282:9:CANSPI_isBussOff	16	static
../Core/Src/CANSPI.c:297:9:CANSPI_isRxErrorPassive	16	static
../Core/Src/CANSPI.c:312:9:CANSPI_isTxErrorPassive	16	static
../Core/Src/CANSPI.c:327:17:convertReg2ExtendedCANid	32	static
../Core/Src/CANSPI.c:349:17:convertReg2StandardCANid	24	static
../Core/Src/CANSPI.c:362:13:convertCANid2Reg	32	static
