Archive member included to satisfy reference by file (symbol)

/opt/st/stm32cubeide_1.14.0/plugins/com.st.stm32cube.ide.mcu.externaltools.gnu-tools-for-stm32.11.3.rel1.linux64_1.1.100.202309141235/tools/bin/../lib/gcc/arm-none-eabi/11.3.1/../../../../arm-none-eabi/lib/thumb/v7-m/nofp/libc_nano.a(libc_a-exit.o)
                              /opt/st/stm32cubeide_1.14.0/plugins/com.st.stm32cube.ide.mcu.externaltools.gnu-tools-for-stm32.11.3.rel1.linux64_1.1.100.202309141235/tools/bin/../lib/gcc/arm-none-eabi/11.3.1/../../../../arm-none-eabi/lib/thumb/v7-m/nofp/crt0.o (exit)
/opt/st/stm32cubeide_1.14.0/plugins/com.st.stm32cube.ide.mcu.externaltools.gnu-tools-for-stm32.11.3.rel1.linux64_1.1.100.202309141235/tools/bin/../lib/gcc/arm-none-eabi/11.3.1/../../../../arm-none-eabi/lib/thumb/v7-m/nofp/libc_nano.a(libc_a-findfp.o)
                              /opt/st/stm32cubeide_1.14.0/plugins/com.st.stm32cube.ide.mcu.externaltools.gnu-tools-for-stm32.11.3.rel1.linux64_1.1.100.202309141235/tools/bin/../lib/gcc/arm-none-eabi/11.3.1/../../../../arm-none-eabi/lib/thumb/v7-m/nofp/libc_nano.a(libc_a-exit.o) (__stdio_exit_handler)
/opt/st/stm32cubeide_1.14.0/plugins/com.st.stm32cube.ide.mcu.externaltools.gnu-tools-for-stm32.11.3.rel1.linux64_1.1.100.202309141235/tools/bin/../lib/gcc/arm-none-eabi/11.3.1/../../../../arm-none-eabi/lib/thumb/v7-m/nofp/libc_nano.a(libc_a-fwalk.o)
                              /opt/st/stm32cubeide_1.14.0/plugins/com.st.stm32cube.ide.mcu.externaltools.gnu-tools-for-stm32.11.3.rel1.linux64_1.1.100.202309141235/tools/bin/../lib/gcc/arm-none-eabi/11.3.1/../../../../arm-none-eabi/lib/thumb/v7-m/nofp/libc_nano.a(libc_a-findfp.o) (_fwalk_sglue)
/opt/st/stm32cubeide_1.14.0/plugins/com.st.stm32cube.ide.mcu.externaltools.gnu-tools-for-stm32.11.3.rel1.linux64_1.1.100.202309141235/tools/bin/../lib/gcc/arm-none-eabi/11.3.1/../../../../arm-none-eabi/lib/thumb/v7-m/nofp/libc_nano.a(libc_a-stdio.o)
                              /opt/st/stm32cubeide_1.14.0/plugins/com.st.stm32cube.ide.mcu.externaltools.gnu-tools-for-stm32.11.3.rel1.linux64_1.1.100.202309141235/tools/bin/../lib/gcc/arm-none-eabi/11.3.1/../../../../arm-none-eabi/lib/thumb/v7-m/nofp/libc_nano.a(libc_a-findfp.o) (__sread)
/opt/st/stm32cubeide_1.14.0/plugins/com.st.stm32cube.ide.mcu.externaltools.gnu-tools-for-stm32.11.3.rel1.linux64_1.1.100.202309141235/tools/bin/../lib/gcc/arm-none-eabi/11.3.1/../../../../arm-none-eabi/lib/thumb/v7-m/nofp/libc_nano.a(libc_a-memset.o)
                              /opt/st/stm32cubeide_1.14.0/plugins/com.st.stm32cube.ide.mcu.externaltools.gnu-tools-for-stm32.11.3.rel1.linux64_1.1.100.202309141235/tools/bin/../lib/gcc/arm-none-eabi/11.3.1/../../../../arm-none-eabi/lib/thumb/v7-m/nofp/crt0.o (memset)
/opt/st/stm32cubeide_1.14.0/plugins/com.st.stm32cube.ide.mcu.externaltools.gnu-tools-for-stm32.11.3.rel1.linux64_1.1.100.202309141235/tools/bin/../lib/gcc/arm-none-eabi/11.3.1/../../../../arm-none-eabi/lib/thumb/v7-m/nofp/libc_nano.a(libc_a-closer.o)
                              /opt/st/stm32cubeide_1.14.0/plugins/com.st.stm32cube.ide.mcu.externaltools.gnu-tools-for-stm32.11.3.rel1.linux64_1.1.100.202309141235/tools/bin/../lib/gcc/arm-none-eabi/11.3.1/../../../../arm-none-eabi/lib/thumb/v7-m/nofp/libc_nano.a(libc_a-stdio.o) (_close_r)
/opt/st/stm32cubeide_1.14.0/plugins/com.st.stm32cube.ide.mcu.externaltools.gnu-tools-for-stm32.11.3.rel1.linux64_1.1.100.202309141235/tools/bin/../lib/gcc/arm-none-eabi/11.3.1/../../../../arm-none-eabi/lib/thumb/v7-m/nofp/libc_nano.a(libc_a-reent.o)
                              /opt/st/stm32cubeide_1.14.0/plugins/com.st.stm32cube.ide.mcu.externaltools.gnu-tools-for-stm32.11.3.rel1.linux64_1.1.100.202309141235/tools/bin/../lib/gcc/arm-none-eabi/11.3.1/../../../../arm-none-eabi/lib/thumb/v7-m/nofp/libc_nano.a(libc_a-closer.o) (errno)
/opt/st/stm32cubeide_1.14.0/plugins/com.st.stm32cube.ide.mcu.externaltools.gnu-tools-for-stm32.11.3.rel1.linux64_1.1.100.202309141235/tools/bin/../lib/gcc/arm-none-eabi/11.3.1/../../../../arm-none-eabi/lib/thumb/v7-m/nofp/libc_nano.a(libc_a-impure.o)
                              /opt/st/stm32cubeide_1.14.0/plugins/com.st.stm32cube.ide.mcu.externaltools.gnu-tools-for-stm32.11.3.rel1.linux64_1.1.100.202309141235/tools/bin/../lib/gcc/arm-none-eabi/11.3.1/../../../../arm-none-eabi/lib/thumb/v7-m/nofp/libc_nano.a(libc_a-reent.o) (_impure_ptr)
/opt/st/stm32cubeide_1.14.0/plugins/com.st.stm32cube.ide.mcu.externaltools.gnu-tools-for-stm32.11.3.rel1.linux64_1.1.100.202309141235/tools/bin/../lib/gcc/arm-none-eabi/11.3.1/../../../../arm-none-eabi/lib/thumb/v7-m/nofp/libc_nano.a(libc_a-lseekr.o)
                              /opt/st/stm32cubeide_1.14.0/plugins/com.st.stm32cube.ide.mcu.externaltools.gnu-tools-for-stm32.11.3.rel1.linux64_1.1.100.202309141235/tools/bin/../lib/gcc/arm-none-eabi/11.3.1/../../../../arm-none-eabi/lib/thumb/v7-m/nofp/libc_nano.a(libc_a-stdio.o) (_lseek_r)
[...]
Memory Configuration

Name             Origin             Length             Attributes
RAM              0x0000000020000000 0x0000000000005000 xrw
FLASH            0x0000000008000000 0x0000000000010000 xr
*default*        0x0000000000000000 0xffffffffffffffff

Linker script and memory map

LOAD /opt/st/stm32cubeide_1.14.0/plugins/com.st.stm32cube.ide.mcu.externaltools.gnu-tools-for-stm32.11.3.rel1.linux64_1.1.100.202309141235/tools/bin/../lib/gcc/arm-none-eabi/11.3.1/thumb/v7-m/nofp/crti.o
LOAD /opt/st/stm32cubeide_1.14.0/plugins/com.st.stm32cube.ide.mcu.externaltools.gnu-tools-for-stm32.11.3.rel1.linux64_1.1.100.202309141235/tools/bin/../lib/gcc/arm-none-eabi/11.3.1/thumb/v7-m/nofp/crtbegin.o
LOAD /opt/st/stm32cubeide_1.14.0/plugins/com.st.stm32cube.ide.mcu.externaltools.gnu-tools-for-stm32.11.3.rel1.linux64_1.1.100.202309141235/tools/bin/../lib/gcc/arm-none-eabi/11.3.1/../../../../arm-none-eabi/lib/thumb/v7-m/nofp/crt0.o
LOAD ./Core/Src/CANSPI.o
LOAD ./Core/Src/MCP2515.o
LOAD ./Core/Src/main.o
LOAD ./Core/Src/stm32f1xx_hal_msp.o
LOAD ./Core/Src/stm32f1xx_it.o
LOAD ./Core/Src/syscalls.o
LOAD ./Core/Src/sysmem.o
LOAD ./Core/Src/system_stm32f1xx.o
LOAD ./Core/Startup/startup_stm32f103c8tx.o
LOAD ./Drivers/STM32F1xx_HAL_Driver/Src/stm32f1xx_hal.o
LOAD ./Drivers/STM32F1xx_HAL_Driver/Src/stm32f1xx_hal_cortex.o
LOAD ./Drivers/STM32F1xx_HAL_Driver/Src/stm32f1xx_hal_dma.o
LOAD ./Drivers/STM32F1xx_HAL_Driver/Src/stm32f1xx_hal_exti.o
LOAD ./Drivers/STM32F1xx_HAL_Driver/Src/stm32f1xx_hal_flash.o
LOAD ./Drivers/STM32F1xx_HAL_Driver/Src/stm32f1xx_hal_flash_ex.o
LOAD ./Drivers/STM32F1xx_HAL_Driver/Src/stm32f1xx_hal_gpio.o
LOAD ./Drivers/STM32F1xx_HAL_Driver/Src/stm32f1xx_hal_gpio_ex.o
LOAD ./Drivers/STM32F1xx_HAL_Driver/Src/stm32f1xx_hal_pwr.o
LOAD ./Drivers/STM32F1xx_HAL_Driver/Src/stm32f1xx_hal_rcc.o
LOAD ./Drivers/STM32F1xx_HAL_Driver/Src/stm32f1xx_hal_rcc_ex.o
LOAD ./Drivers/STM32F1xx_HAL_Driver/Src/stm32f1xx_hal_spi.o
LOAD ./Drivers/STM32F1xx_HAL_Driver/Src/stm32f1xx_hal_tim.o
LOAD ./Drivers/STM32F1xx_HAL_Driver/Src/stm32f1xx_hal_tim_ex.o
START GROUP
LOAD /opt/st/stm32cubeide_1.14.0/plugins/com.st.stm32cube.ide.mcu.externaltools.gnu-tools-for-stm32.11.3.rel1.linux64_1.1.100.202309141235/tools/bin/../lib/gcc/arm-none-eabi/11.3.1/../../../../arm-none-eabi/lib/thumb/v7-m/nofp/libc_nano.a
LOAD /opt/st/stm32cubeide_1.14.0/plugins/com.st.stm32cube.ide.mcu.externaltools.gnu-tools-for-stm32.11.3.rel1.linux64_1.1.100.202309141235/tools/bin/../lib/gcc/arm-none-eabi/11.3.1/../../../../arm-none-eabi/lib/thumb/v7-m/nofp/libm.a
END GROUP
START GROUP
LOAD /opt/st/stm32cubeide_1.14.0/plugins/com.st.stm32cube.ide.mcu.externaltools.gnu-tools-for-stm32.11.3.rel1.linux64_1.1.100.202309141235/tools/bin/../lib/gcc/arm-none-eabi/11.3.1/thumb/v7-m/nofp/libgcc.a
LOAD /opt/st/stm32cubeide_1.14.0/plugins/com.st.stm32cube.ide.mcu.externaltools.gnu-tools-for-stm32.11.3.rel1.linux64_1.1.100.202309141235/tools/bin/../lib/gcc/arm-none-eabi/11.3.1/../../../../arm-none-eabi/lib/thumb/v7-m/nofp/libc_nano.a
END GROUP
START GROUP
LOAD /opt/st/stm32cubeide_1.14.0/plugins/com.st.stm32cube.ide.mcu.externaltools.gnu-tools-for-stm32.11.3.rel1.linux64_1.1.100.202309141235/tools/bin/../lib/gcc/arm-none-eabi/11.3.1/thumb/v7-m/nofp/libgcc.a
LOAD /opt/st/stm32cubeide_1.14.0/plugins/com.st.stm32cube.ide.mcu.externaltools.gnu-tools-for-stm32.11.3.rel1.linux64_1.1.100.202309141235/tools/bin/../lib/gcc/arm-none-eabi/11.3.1/../../../../arm-none-eabi/lib/thumb/v7-m/nofp/libc_nano.a
LOAD /opt/st/stm32cubeide_1.14.0/plugins/com.st.stm32cube.ide.mcu.externaltools.gnu-tools-for-stm32.11.3.rel1.linux64_1.1.100.202309141235/tools/bin/../lib/gcc/arm-none-eabi/11.3.1/../../../../arm-none-eabi/lib/thumb/v7-m/nofp/libnosys.a
END GROUP
START GROUP
LOAD /opt/st/stm32cubeide_1.14.0/plugins/com.st.stm32cube.ide.mcu.externaltools.gnu-tools-for-stm32.11.3.rel1.linux64_1.1.100.202309141235/tools/bin/../lib/gcc/arm-none-eabi/11.3.1/thumb/v7-m/nofp/libgcc.a
LOAD /opt/st/stm32cubeide_1.14.0/plugins/com.st.stm32cube.ide.mcu.externaltools.gnu-tools-for-stm32.11.3.rel1.linux64_1.1.100.202309141235/tools/bin/../lib/gcc/arm-none-eabi/11.3.1/../../../../arm-none-eabi/lib/thumb/v7-m/nofp/libc_nano.a
LOAD /opt/st/stm32cubeide_1.14.0/plugins/com.st.stm32cube.ide.mcu.externaltools.gnu-tools-for-stm32.11.3.rel1.linux64_1.1.100.202309141235/tools/bin/../lib/gcc/arm-none-eabi/11.3.1/../../../../arm-none-eabi/lib/thumb/v7-m/nofp/libnosys.a
END GROUP
LOAD /opt/st/stm32cubeide_1.14.0/plugins/com.st.stm32cube.ide.mcu.externaltools.gnu-tools-for-stm32.11.3.rel1.linux64_1.1.100.202309141235/tools/bin/../lib/gcc/arm-none-eabi/11.3.1/thumb/v7-m/nofp/crtend.o
LOAD /opt/st/stm32cubeide_1.14.0/plugins/com.st.stm32cube.ide.mcu.externaltools.gnu-tools-for-stm32.11.3.rel1.linux64_1.1.100.202309141235/tools/bin/../lib/gcc/arm-none-eabi/11.3.1/thumb/v7-m/nofp/crtn.o
                0x0000000020005000                _estack = (ORIGIN (RAM) + LENGTH (RAM))
                0x0000000000000200                _Min_Heap_Size = 0x200
                0x0000000000000400                _Min_Stack_Size = 0x400

.isr_vector     0x0000000008000000      0x10c
                0x0000000008000000                . = ALIGN (0x4)
 *(.isr_vector)
 .isr_vector    0x0000000008000000      0x10c ./Core/Startup/startup_stm32f103c8tx.o
                0x0000000008000000                g_pfnVectors
                0x000000000800010c                . = ALIGN (0x4)

.text           0x000000000800010c     0x2390
                0x000000000800010c                . = ALIGN (0x4)
 *(.text)
 .text          0x000000000800010c       0x40 /opt/st/stm32cubeide_1.14.0/plugins/com.st.stm32cube.ide.mcu.externaltools.gnu-tools-for-stm32.11.3.rel1.linux64_1.1.100.202309141235/tools/bin/../lib/gcc/arm-none-eabi/11.3.1/thumb/v7-m/nofp/crtbegin.o
 *(.text*)
 .text.CANSPI_Initialize
                0x000000000800014c      0x160 ./Core/Src/CANSPI.o
                0x000000000800014c                CANSPI_Initialize
 .text.CANSPI_Receive
                0x00000000080002ac       0xf8 ./Core/Src/CANSPI.o
                0x00000000080002ac                CANSPI_Receive
 .text.convertReg2ExtendedCANid
                0x00000000080003a4       0x7c ./Core/Src/CANSPI.o
 .text.convertReg2StandardCANid
                0x0000000008000420       0x38 ./Core/Src/CANSPI.o
 .text.MCP2515_Initialize
                0x0000000008000458       0x44 ./Core/Src/MCP2515.o
                0x0000000008000458                MCP2515_Initialize
 .text.MCP2515_SetConfigMode
                0x000000000800049c       0x3c ./Core/Src/MCP2515.o
                0x000000000800049c                MCP2515_SetConfigMode
 .text.MCP2515_SetNormalMode
                0x00000000080004d8       0x3c ./Core/Src/MCP2515.o
                0x00000000080004d8                MCP2515_SetNormalMode
 .text.MCP2515_ReadByte
                0x0000000008000514       0x44 ./Core/Src/MCP2515.o
                0x0000000008000514                MCP2515_ReadByte
 .text.MCP2515_ReadRxSequence
                0x0000000008000558       0x44 ./Core/Src/MCP2515.o
                0x0000000008000558                MCP2515_ReadRxSequence
 .text.MCP2515_WriteByte
                0x000000000800059c       0x48 ./Core/Src/MCP2515.o
                0x000000000800059c                MCP2515_WriteByte
 .text.MCP2515_WriteByteSequence
                0x00000000080005e4       0x54 ./Core/Src/MCP2515.o
                0x00000000080005e4                MCP2515_WriteByteSequence
 .text.MCP2515_GetRxStatus
                0x0000000008000638       0x38 ./Core/Src/MCP2515.o
                0x0000000008000638                MCP2515_GetRxStatus
 .text.SPI_Tx   0x0000000008000670       0x24 ./Core/Src/MCP2515.o
 .text.SPI_TxBuffer
                0x0000000008000694       0x28 ./Core/Src/MCP2515.o
 .text.SPI_Rx   0x00000000080006bc       0x20 ./Core/Src/MCP2515.o
 .text.SPI_RxBuffer
                0x00000000080006dc       0x28 ./Core/Src/MCP2515.o
 .text.main     0x0000000008000704       0x70 ./Core/Src/main.o
                0x0000000008000704                main
 .text.SystemClock_Config
                0x0000000008000774       0x8a ./Core/Src/main.o
                0x0000000008000774                SystemClock_Config
 *fill*         0x00000000080007fe        0x2 
 .text.MX_SPI1_Init
                0x0000000008000800       0x6c ./Core/Src/main.o
 .text.MX_GPIO_Init
                0x000000000800086c       0xd0 ./Core/Src/main.o
 .text.Error_Handler
                0x000000000800093c        0xa ./Core/Src/main.o
                0x000000000800093c                Error_Handler
 *fill*         0x0000000008000946        0x2 
 .text.HAL_MspInit
                0x0000000008000948       0x64 ./Core/Src/stm32f1xx_hal_msp.o
                0x0000000008000948                HAL_MspInit
 .text.HAL_SPI_MspInit
                0x00000000080009ac       0x94 ./Core/Src/stm32f1xx_hal_msp.o
                0x00000000080009ac                HAL_SPI_MspInit
 .text.NMI_Handler
                0x0000000008000a40        0x6 ./Core/Src/stm32f1xx_it.o
                0x0000000008000a40                NMI_Handler
 .text.HardFault_Handler
                0x0000000008000a46        0x6 ./Core/Src/stm32f1xx_it.o
                0x0000000008000a46                HardFault_Handler
 .text.MemManage_Handler
                0x0000000008000a4c        0x6 ./Core/Src/stm32f1xx_it.o
                0x0000000008000a4c                MemManage_Handler
 .text.BusFault_Handler
                0x0000000008000a52        0x6 ./Core/Src/stm32f1xx_it.o
                0x0000000008000a52                BusFault_Handler
 .text.UsageFault_Handler
                0x0000000008000a58        0x6 ./Core/Src/stm32f1xx_it.o
                0x0000000008000a58                UsageFault_Handler
 .text.SVC_Handler
                0x0000000008000a5e        0xc ./Core/Src/stm32f1xx_it.o
                0x0000000008000a5e                SVC_Handler
 .text.DebugMon_Handler
                0x0000000008000a6a        0xc ./Core/Src/stm32f1xx_it.o
                0x0000000008000a6a                DebugMon_Handler
 .text.PendSV_Handler
                0x0000000008000a76        0xc ./Core/Src/stm32f1xx_it.o
                0x0000000008000a76                PendSV_Handler
 .text.SysTick_Handler
                0x0000000008000a82        0xc ./Core/Src/stm32f1xx_it.o
                0x0000000008000a82                SysTick_Handler
 .text.SystemInit
                0x0000000008000a8e        0xc ./Core/Src/system_stm32f1xx.o
                0x0000000008000a8e                SystemInit
 *fill*         0x0000000008000a9a        0x2 
 .text.Reset_Handler
                0x0000000008000a9c       0x48 ./Core/Startup/startup_stm32f103c8tx.o
                0x0000000008000a9c                Reset_Handler
 .text.Default_Handler
                0x0000000008000ae4        0x2 ./Core/Startup/startup_stm32f103c8tx.o
                0x0000000008000ae4                RTC_Alarm_IRQHandler
                0x0000000008000ae4                EXTI2_IRQHandler
                0x0000000008000ae4                TIM1_CC_IRQHandler
                0x0000000008000ae4                PVD_IRQHandler
                0x0000000008000ae4                EXTI3_IRQHandler
                0x0000000008000ae4                EXTI0_IRQHandler
                0x0000000008000ae4                I2C2_EV_IRQHandler
                0x0000000008000ae4                ADC1_2_IRQHandler
                0x0000000008000ae4                SPI1_IRQHandler
                0x0000000008000ae4                TAMPER_IRQHandler
                0x0000000008000ae4                DMA1_Channel4_IRQHandler
                0x0000000008000ae4                USART3_IRQHandler
                0x0000000008000ae4                RTC_IRQHandler
                0x0000000008000ae4                DMA1_Channel7_IRQHandler
                0x0000000008000ae4                CAN1_RX1_IRQHandler
                0x0000000008000ae4                TIM4_IRQHandler
                0x0000000008000ae4                I2C1_EV_IRQHandler
                0x0000000008000ae4                DMA1_Channel6_IRQHandler
                0x0000000008000ae4                TIM3_IRQHandler
                0x0000000008000ae4                RCC_IRQHandler
                0x0000000008000ae4                TIM1_TRG_COM_IRQHandler
                0x0000000008000ae4                DMA1_Channel1_IRQHandler
                0x0000000008000ae4                Default_Handler
                0x0000000008000ae4                EXTI15_10_IRQHandler
                0x0000000008000ae4                EXTI9_5_IRQHandler
                0x0000000008000ae4                SPI2_IRQHandler
                0x0000000008000ae4                DMA1_Channel5_IRQHandler
                0x0000000008000ae4                EXTI4_IRQHandler
                0x0000000008000ae4                USB_LP_CAN1_RX0_IRQHandler
                0x0000000008000ae4                USB_HP_CAN1_TX_IRQHandler
                0x0000000008000ae4                DMA1_Channel3_IRQHandler
                0x0000000008000ae4                TIM1_UP_IRQHandler
                0x0000000008000ae4                WWDG_IRQHandler
                0x0000000008000ae4                TIM2_IRQHandler
                0x0000000008000ae4                TIM1_BRK_IRQHandler
                0x0000000008000ae4                EXTI1_IRQHandler
                0x0000000008000ae4                USART2_IRQHandler
                0x0000000008000ae4                I2C2_ER_IRQHandler
                0x0000000008000ae4                DMA1_Channel2_IRQHandler
                0x0000000008000ae4                CAN1_SCE_IRQHandler
                0x0000000008000ae4                FLASH_IRQHandler
                0x0000000008000ae4                USART1_IRQHandler
                0x0000000008000ae4                I2C1_ER_IRQHandler
                0x0000000008000ae4                USBWakeUp_IRQHandler
 *fill*         0x0000000008000ae6        0x2 
 .text.HAL_Init
                0x0000000008000ae8       0x2c ./Drivers/STM32F1xx_HAL_Driver/Src/stm32f1xx_hal.o
                0x0000000008000ae8                HAL_Init
 .text.HAL_InitTick
                0x0000000008000b14       0x60 ./Drivers/STM32F1xx_HAL_Driver/Src/stm32f1xx_hal.o
                0x0000000008000b14                HAL_InitTick
 .text.HAL_IncTick
                0x0000000008000b74       0x24 ./Drivers/STM32F1xx_HAL_Driver/Src/stm32f1xx_hal.o
                0x0000000008000b74                HAL_IncTick
 .text.HAL_GetTick
                0x0000000008000b98       0x14 ./Drivers/STM32F1xx_HAL_Driver/Src/stm32f1xx_hal.o
                0x0000000008000b98                HAL_GetTick
 .text.HAL_Delay
                0x0000000008000bac       0x48 ./Drivers/STM32F1xx_HAL_Driver/Src/stm32f1xx_hal.o
                0x0000000008000bac                HAL_Delay
 .text.__NVIC_SetPriorityGrouping
                0x0000000008000bf4       0x48 ./Drivers/STM32F1xx_HAL_Driver/Src/stm32f1xx_hal_cortex.o
 .text.__NVIC_GetPriorityGrouping
                0x0000000008000c3c       0x1c ./Drivers/STM32F1xx_HAL_Driver/Src/stm32f1xx_hal_cortex.o
 .text.__NVIC_SetPriority
                0x0000000008000c58       0x54 ./Drivers/STM32F1xx_HAL_Driver/Src/stm32f1xx_hal_cortex.o
 .text.NVIC_EncodePriority
                0x0000000008000cac       0x64 ./Drivers/STM32F1xx_HAL_Driver/Src/stm32f1xx_hal_cortex.o
 .text.SysTick_Config
                0x0000000008000d10       0x44 ./Drivers/STM32F1xx_HAL_Driver/Src/stm32f1xx_hal_cortex.o
 .text.HAL_NVIC_SetPriorityGrouping
                0x0000000008000d54       0x16 ./Drivers/STM32F1xx_HAL_Driver/Src/stm32f1xx_hal_cortex.o
                0x0000000008000d54                HAL_NVIC_SetPriorityGrouping
 .text.HAL_NVIC_SetPriority
                0x0000000008000d6a       0x38 ./Drivers/STM32F1xx_HAL_Driver/Src/stm32f1xx_hal_cortex.o
                0x0000000008000d6a                HAL_NVIC_SetPriority
 .text.HAL_SYSTICK_Config
                0x0000000008000da2       0x18 ./Drivers/STM32F1xx_HAL_Driver/Src/stm32f1xx_hal_cortex.o
                0x0000000008000da2                HAL_SYSTICK_Config
 *fill*         0x0000000008000dba        0x2 
 .text.HAL_GPIO_Init
                0x0000000008000dbc      0x308 ./Drivers/STM32F1xx_HAL_Driver/Src/stm32f1xx_hal_gpio.o
                0x0000000008000dbc                HAL_GPIO_Init
 .text.HAL_GPIO_WritePin
                0x00000000080010c4       0x30 ./Drivers/STM32F1xx_HAL_Driver/Src/stm32f1xx_hal_gpio.o
                0x00000000080010c4                HAL_GPIO_WritePin
 .text.HAL_GPIO_TogglePin
                0x00000000080010f4       0x32 ./Drivers/STM32F1xx_HAL_Driver/Src/stm32f1xx_hal_gpio.o
                0x00000000080010f4                HAL_GPIO_TogglePin
 *fill*         0x0000000008001126        0x2 
 .text.HAL_RCC_OscConfig
                0x0000000008001128      0x504 ./Drivers/STM32F1xx_HAL_Driver/Src/stm32f1xx_hal_rcc.o
                0x0000000008001128                HAL_RCC_OscConfig
 .text.HAL_RCC_ClockConfig
                0x000000000800162c      0x1d4 ./Drivers/STM32F1xx_HAL_Driver/Src/stm32f1xx_hal_rcc.o
                0x000000000800162c                HAL_RCC_ClockConfig
 .text.HAL_RCC_GetSysClockFreq
                0x0000000008001800       0xa8 ./Drivers/STM32F1xx_HAL_Driver/Src/stm32f1xx_hal_rcc.o
                0x0000000008001800                HAL_RCC_GetSysClockFreq
 .text.RCC_Delay
                0x00000000080018a8       0x3c ./Drivers/STM32F1xx_HAL_Driver/Src/stm32f1xx_hal_rcc.o
 .text.HAL_SPI_Init
                0x00000000080018e4      0x108 ./Drivers/STM32F1xx_HAL_Driver/Src/stm32f1xx_hal_spi.o
                0x00000000080018e4                HAL_SPI_Init
 .text.HAL_SPI_Transmit
                0x00000000080019ec      0x288 ./Drivers/STM32F1xx_HAL_Driver/Src/stm32f1xx_hal_spi.o
                0x00000000080019ec                HAL_SPI_Transmit
 .text.HAL_SPI_Receive
                0x0000000008001c74      0x232 ./Drivers/STM32F1xx_HAL_Driver/Src/stm32f1xx_hal_spi.o
                0x0000000008001c74                HAL_SPI_Receive
 .text.HAL_SPI_TransmitReceive
                0x0000000008001ea6      0x352 ./Drivers/STM32F1xx_HAL_Driver/Src/stm32f1xx_hal_spi.o
                0x0000000008001ea6                HAL_SPI_TransmitReceive
 .text.HAL_SPI_GetState
                0x00000000080021f8       0x1a ./Drivers/STM32F1xx_HAL_Driver/Src/stm32f1xx_hal_spi.o
                0x00000000080021f8                HAL_SPI_GetState
 *fill*         0x0000000008002212        0x2 
 .text.SPI_WaitFlagStateUntilTimeout
                0x0000000008002214      0x110 ./Drivers/STM32F1xx_HAL_Driver/Src/stm32f1xx_hal_spi.o
 .text.SPI_EndRxTransaction
                0x0000000008002324       0xa4 ./Drivers/STM32F1xx_HAL_Driver/Src/stm32f1xx_hal_spi.o
 .text.SPI_EndRxTxTransaction
                0x00000000080023c8       0x62 ./Drivers/STM32F1xx_HAL_Driver/Src/stm32f1xx_hal_spi.o
 .text.memset   0x000000000800242a       0x10 /opt/st/stm32cubeide_1.14.0/plugins/com.st.stm32cube.ide.mcu.externaltools.gnu-tools-for-stm32.11.3.rel1.linux64_1.1.100.202309141235/tools/bin/../lib/gcc/arm-none-eabi/11.3.1/../../../../arm-none-eabi/lib/thumb/v7-m/nofp/libc_nano.a(libc_a-memset.o)
                0x000000000800242a                memset
 *fill*         0x000000000800243a        0x2 
 .text.__libc_init_array
                0x000000000800243c       0x48 /opt/st/stm32cubeide_1.14.0/plugins/com.st.stm32cube.ide.mcu.externaltools.gnu-tools-for-stm32.11.3.rel1.linux64_1.1.100.202309141235/tools/bin/../lib/gcc/arm-none-eabi/11.3.1/../../../../arm-none-eabi/lib/thumb/v7-m/nofp/libc_nano.a(libc_a-init.o)
                0x000000000800243c                __libc_init_array
 *(.glue_7)
 .glue_7        0x0000000008002484        0x0 linker stubs
 *(.glue_7t)
 .glue_7t       0x0000000008002484        0x0 linker stubs
 *(.eh_frame)
 .eh_frame      0x0000000008002484        0x0 /opt/st/stm32cubeide_1.14.0/plugins/com.st.stm32cube.ide.mcu.externaltools.gnu-tools-for-stm32.11.3.rel1.linux64_1.1.100.202309141235/tools/bin/../lib/gcc/arm-none-eabi/11.3.1/thumb/v7-m/nofp/crtbegin.o
 *(.init)
 .init          0x0000000008002484        0x4 /opt/st/stm32cubeide_1.14.0/plugins/com.st.stm32cube.ide.mcu.externaltools.gnu-tools-for-stm32.11.3.rel1.linux64_1.1.100.202309141235/tools/bin/../lib/gcc/arm-none-eabi/11.3.1/thumb/v7-m/nofp/crti.o
                0x0000000008002484                _init
 .init          0x0000000008002488        0x8 /opt/st/stm32cubeide_1.14.0/plugins/com.st.stm32cube.ide.mcu.externaltools.gnu-tools-for-stm32.11.3.rel1.linux64_1.1.100.202309141235/tools/bin/../lib/gcc/arm-none-eabi/11.3.1/thumb/v7-m/nofp/crtn.o
 *(.fini)
 .fini          0x0000000008002490        0x4 /opt/st/stm32cubeide_1.14.0/plugins/com.st.stm32cube.ide.mcu.externaltools.gnu-tools-for-stm32.11.3.rel1.linux64_1.1.100.202309141235/tools/bin/../lib/gcc/arm-none-eabi/11.3.1/thumb/v7-m/nofp/crti.o
                0x0000000008002490                _fini
 .fini          0x0000000008002494        0x8 /opt/st/stm32cubeide_1.14.0/plugins/com.st.stm32cube.ide.mcu.externaltools.gnu-tools-for-stm32.11.3.rel1.linux64_1.1.100.202309141235/tools/bin/../lib/gcc/arm-none-eabi/11.3.1/thumb/v7-m/nofp/crtn.o
                0x000000000800249c                . = ALIGN (0x4)
                0x000000000800249c                _etext = .

.vfp11_veneer   0x000000000800249c        0x0
 .vfp11_veneer  0x000000000800249c        0x0 linker stubs

.v4_bx          0x000000000800249c        0x0
 .v4_bx         0x000000000800249c        0x0 linker stubs

.iplt           0x000000000800249c        0x0
 .iplt          0x000000000800249c        0x0 /opt/st/stm32cubeide_1.14.0/plugins/com.st.stm32cube.ide.mcu.externaltools.gnu-tools-for-stm32.11.3.rel1.linux64_1.1.100.202309141235/tools/bin/../lib/gcc/arm-none-eabi/11.3.1/thumb/v7-m/nofp/crtbegin.o

.rodata         0x000000000800249c       0x24
                0x000000000800249c                . = ALIGN (0x4)
 *(.rodata)
 *(.rodata*)
 .rodata.AHBPrescTable
                0x000000000800249c       0x10 ./Core/Src/system_stm32f1xx.o
                0x000000000800249c                AHBPrescTable
 .rodata.aPLLMULFactorTable.1
                0x00000000080024ac       0x10 ./Drivers/STM32F1xx_HAL_Driver/Src/stm32f1xx_hal_rcc.o
 .rodata.aPredivFactorTable.0
                0x00000000080024bc        0x2 ./Drivers/STM32F1xx_HAL_Driver/Src/stm32f1xx_hal_rcc.o
                0x00000000080024c0                . = ALIGN (0x4)
 *fill*         0x00000000080024be        0x2 

.rel.dyn        0x00000000080024c0        0x0
 .rel.iplt      0x00000000080024c0        0x0 /opt/st/stm32cubeide_1.14.0/plugins/com.st.stm32cube.ide.mcu.externaltools.gnu-tools-for-stm32.11.3.rel1.linux64_1.1.100.202309141235/tools/bin/../lib/gcc/arm-none-eabi/11.3.1/thumb/v7-m/nofp/crtbegin.o

.ARM.extab      0x00000000080024c0        0x0
                0x00000000080024c0                . = ALIGN (0x4)
 *(.ARM.extab* .gnu.linkonce.armextab.*)
                0x00000000080024c0                . = ALIGN (0x4)

.ARM            0x00000000080024c0        0x0
                0x00000000080024c0                . = ALIGN (0x4)
                0x00000000080024c0                __exidx_start = .
 *(.ARM.exidx*)
                0x00000000080024c0                __exidx_end = .
                0x00000000080024c0                . = ALIGN (0x4)

.preinit_array  0x00000000080024c0        0x0
                0x00000000080024c0                . = ALIGN (0x4)
                0x00000000080024c0                PROVIDE (__preinit_array_start = .)
 *(.preinit_array*)
                0x00000000080024c0                PROVIDE (__preinit_array_end = .)
                0x00000000080024c0                . = ALIGN (0x4)

.init_array     0x00000000080024c0        0x4
                0x00000000080024c0                . = ALIGN (0x4)
                0x00000000080024c0                PROVIDE (__init_array_start = .)
 *(SORT_BY_NAME(.init_array.*))
 *(.init_array*)
 .init_array    0x00000000080024c0        0x4 /opt/st/stm32cubeide_1.14.0/plugins/com.st.stm32cube.ide.mcu.externaltools.gnu-tools-for-stm32.11.3.rel1.linux64_1.1.100.202309141235/tools/bin/../lib/gcc/arm-none-eabi/11.3.1/thumb/v7-m/nofp/crtbegin.o
                0x00000000080024c4                PROVIDE (__init_array_end = .)
                0x00000000080024c4                . = ALIGN (0x4)

.fini_array     0x00000000080024c4        0x4
                0x00000000080024c4                . = ALIGN (0x4)
                [!provide]                        PROVIDE (__fini_array_start = .)
 *(SORT_BY_NAME(.fini_array.*))
 *(.fini_array*)
 .fini_array    0x00000000080024c4        0x4 /opt/st/stm32cubeide_1.14.0/plugins/com.st.stm32cube.ide.mcu.externaltools.gnu-tools-for-stm32.11.3.rel1.linux64_1.1.100.202309141235/tools/bin/../lib/gcc/arm-none-eabi/11.3.1/thumb/v7-m/nofp/crtbegin.o
                [!provide]                        PROVIDE (__fini_array_end = .)
                0x00000000080024c8                . = ALIGN (0x4)
                0x00000000080024c8                _sidata = LOADADDR (.data)

.data           0x0000000020000000        0xc load address 0x00000000080024c8
                0x0000000020000000                . = ALIGN (0x4)
                0x0000000020000000                _sdata = .
 *(.data)
 *(.data*)
 .data.SystemCoreClock
                0x0000000020000000        0x4 ./Core/Src/system_stm32f1xx.o
                0x0000000020000000                SystemCoreClock
 .data.uwTickPrio
                0x0000000020000004        0x4 ./Drivers/STM32F1xx_HAL_Driver/Src/stm32f1xx_hal.o
                0x0000000020000004                uwTickPrio
 .data.uwTickFreq
                0x0000000020000008        0x1 ./Drivers/STM32F1xx_HAL_Driver/Src/stm32f1xx_hal.o
                0x0000000020000008                uwTickFreq
 *(.RamFunc)
 *(.RamFunc*)
                0x000000002000000c                . = ALIGN (0x4)
 *fill*         0x0000000020000009        0x3 
                0x000000002000000c                _edata = .

.igot.plt       0x000000002000000c        0x0 load address 0x00000000080024d4
 .igot.plt      0x000000002000000c        0x0 /opt/st/stm32cubeide_1.14.0/plugins/com.st.stm32cube.ide.mcu.externaltools.gnu-tools-for-stm32.11.3.rel1.linux64_1.1.100.202309141235/tools/bin/../lib/gcc/arm-none-eabi/11.3.1/thumb/v7-m/nofp/crtbegin.o
                0x000000002000000c                . = ALIGN (0x4)

.bss            0x000000002000000c       0x8c load address 0x00000000080024d4
                0x000000002000000c                _sbss = .
                0x000000002000000c                __bss_start__ = _sbss
 *(.bss)
 .bss           0x000000002000000c       0x1c /opt/st/stm32cubeide_1.14.0/plugins/com.st.stm32cube.ide.mcu.externaltools.gnu-tools-for-stm32.11.3.rel1.linux64_1.1.100.202309141235/tools/bin/../lib/gcc/arm-none-eabi/11.3.1/thumb/v7-m/nofp/crtbegin.o
 *(.bss*)
 .bss.rxMessage
                0x0000000020000028       0x14 ./Core/Src/main.o
                0x0000000020000028                rxMessage
 .bss.hspi1     0x000000002000003c       0x58 ./Core/Src/main.o
                0x000000002000003c                hspi1
 .bss.uwTick    0x0000000020000094        0x4 ./Drivers/STM32F1xx_HAL_Driver/Src/stm32f1xx_hal.o
                0x0000000020000094                uwTick
 *(COMMON)
                0x0000000020000098                . = ALIGN (0x4)
                0x0000000020000098                _ebss = .
                0x0000000020000098                __bss_end__ = _ebss

._user_heap_stack
                0x0000000020000098      0x600 load address 0x00000000080024d4
                0x0000000020000098                . = ALIGN (0x8)
                [!provide]                        PROVIDE (end = .)
                0x0000000020000098                PROVIDE (_end = .)
                0x0000000020000298                . = (. + _Min_Heap_Size)
 *fill*         0x0000000020000098      0x200 
                0x0000000020000698                . = (. + _Min_Stack_Size)
 *fill*         0x0000000020000298      0x400 
                0x0000000020000698                . = ALIGN (0x8)

/DISCARD/
 libc.a(*)
 libm.a(*)
 libgcc.a(*)

.ARM.attributes
                0x0000000000000000       0x29
 *(.ARM.attributes)
 .ARM.attributes
                0x0000000000000000       0x1d /opt/st/stm32cubeide_1.14.0/plugins/com.st.stm32cube.ide.mcu.externaltools.gnu-tools-for-stm32.11.3.rel1.linux64_1.1.100.202309141235/tools/bin/../lib/gcc/arm-none-eabi/11.3.1/thumb/v7-m/nofp/crti.o
 .ARM.attributes
                0x000000000000001d       0x2d /opt/st/stm32cubeide_1.14.0/plugins/com.st.stm32cube.ide.mcu.externaltools.gnu-tools-for-stm32.11.3.rel1.linux64_1.1.100.202309141235/tools/bin/../lib/gcc/arm-none-eabi/11.3.1/thumb/v7-m/nofp/crtbegin.o
 .ARM.attributes
                0x000000000000004a       0x2d ./Core/Src/CANSPI.o
 .ARM.attributes
                0x0000000000000077       0x2d ./Core/Src/MCP2515.o
 .ARM.attributes
                0x00000000000000a4       0x2d ./Core/Src/main.o
 .ARM.attributes
                0x00000000000000d1       0x2d ./Core/Src/stm32f1xx_hal_msp.o
 .ARM.attributes
                0x00000000000000fe       0x2d ./Core/Src/stm32f1xx_it.o
 .ARM.attributes
                0x000000000000012b       0x2d ./Core/Src/system_stm32f1xx.o
 .ARM.attributes
                0x0000000000000158       0x21 ./Core/Startup/startup_stm32f103c8tx.o
 .ARM.attributes
                0x0000000000000179       0x2d ./Drivers/STM32F1xx_HAL_Driver/Src/stm32f1xx_hal.o
 .ARM.attributes
                0x00000000000001a6       0x2d ./Drivers/STM32F1xx_HAL_Driver/Src/stm32f1xx_hal_cortex.o
 .ARM.attributes
                0x00000000000001d3       0x2d ./Drivers/STM32F1xx_HAL_Driver/Src/stm32f1xx_hal_gpio.o
 .ARM.attributes
                0x0000000000000200       0x2d ./Drivers/STM32F1xx_HAL_Driver/Src/stm32f1xx_hal_rcc.o
 .ARM.attributes
                0x000000000000022d       0x2d ./Drivers/STM32F1xx_HAL_Driver/Src/stm32f1xx_hal_spi.o
 .ARM.attributes
                0x000000000000025a       0x2d /opt/st/stm32cubeide_1.14.0/plugins/com.st.stm32cube.ide.mcu.externaltools.gnu-tools-for-stm32.11.3.rel1.linux64_1.1.100.202309141235/tools/bin/../lib/gcc/arm-none-eabi/11.3.1/../../../../arm-none-eabi/lib/thumb/v7-m/nofp/libc_nano.a(libc_a-memset.o)
 .ARM.attributes
                0x0000000000000287       0x2d /opt/st/stm32cubeide_1.14.0/plugins/com.st.stm32cube.ide.mcu.externaltools.gnu-tools-for-stm32.11.3.rel1.linux64_1.1.100.202309141235/tools/bin/../lib/gcc/arm-none-eabi/11.3.1/../../../../arm-none-eabi/lib/thumb/v7-m/nofp/libc_nano.a(libc_a-init.o)
 .ARM.attributes
                0x00000000000002b4       0x1d /opt/st/stm32cubeide_1.14.0/plugins/com.st.stm32cube.ide.mcu.externaltools.gnu-tools-for-stm32.11.3.rel1.linux64_1.1.100.202309141235/tools/bin/../lib/gcc/arm-none-eabi/11.3.1/thumb/v7-m/nofp/crtn.o
OUTPUT(thesis_ppv.elf elf32-littlearm)
LOAD linker stubs
LOAD /opt/st/stm32cubeide_1.14.0/plugins/com.st.stm32cube.ide.mcu.externaltools.gnu-tools-for-stm32.11.3.rel1.linux64_1.1.100.202309141235/tools/bin/../lib/gcc/arm-none-eabi/11.3.1/../../../../arm-none-eabi/lib/thumb/v7-m/nofp/libc.a
LOAD /opt/st/stm32cubeide_1.14.0/plugins/com.st.stm32cube.ide.mcu.externaltools.gnu-tools-for-stm32.11.3.rel1.linux64_1.1.100.202309141235/tools/bin/../lib/gcc/arm-none-eabi/11.3.1/../../../../arm-none-eabi/lib/thumb/v7-m/nofp/libm.a
LOAD /opt/st/stm32cubeide_1.14.0/plugins/com.st.stm32cube.ide.mcu.externaltools.gnu-tools-for-stm32.11.3.rel1.linux64_1.1.100.202309141235/tools/bin/../lib/gcc/arm-none-eabi/11.3.1/thumb/v7-m/nofp/libgcc.a

.comment        0x0000000000000000       0x43
 .comment       0x0000000000000000       0x43 /opt/st/stm32cubeide_1.14.0/plugins/com.st.stm32cube.ide.mcu.externaltools.gnu-tools-for-stm32.11.3.rel1.linux64_1.1.100.202309141235/tools/bin/../lib/gcc/arm-none-eabi/11.3.1/thumb/v7-m/nofp/crtbegin.o
                                         0x44 (size before relaxing)
 .comment       0x0000000000000043       0x44 ./Core/Src/CANSPI.o
 .comment       0x0000000000000043       0x44 ./Core/Src/MCP2515.o
 .comment       0x0000000000000043       0x44 ./Core/Src/main.o
 .comment       0x0000000000000043       0x44 ./Core/Src/stm32f1xx_hal_msp.o
 .comment       0x0000000000000043       0x44 ./Core/Src/stm32f1xx_it.o
 .comment       0x0000000000000043       0x44 ./Core/Src/system_stm32f1xx.o
 .comment       0x0000000000000043       0x44 ./Drivers/STM32F1xx_HAL_Driver/Src/stm32f1xx_hal.o
 .comment       0x0000000000000043       0x44 ./Drivers/STM32F1xx_HAL_Driver/Src/stm32f1xx_hal_cortex.o
 .comment       0x0000000000000043       0x44 ./Drivers/STM32F1xx_HAL_Driver/Src/stm32f1xx_hal_gpio.o
 .comment       0x0000000000000043       0x44 ./Drivers/STM32F1xx_HAL_Driver/Src/stm32f1xx_hal_rcc.o
 .comment       0x0000000000000043       0x44 ./Drivers/STM32F1xx_HAL_Driver/Src/stm32f1xx_hal_spi.o

.debug_info     0x0000000000000000     0x5e7c
 .debug_info    0x0000000000000000      0xab5 ./Core/Src/CANSPI.o
 .debug_info    0x0000000000000ab5      0xa1c ./Core/Src/MCP2515.o
 .debug_info    0x00000000000014d1      0xafc ./Core/Src/main.o
 .debug_info    0x0000000000001fcd      0x81f ./Core/Src/stm32f1xx_hal_msp.o
 .debug_info    0x00000000000027ec      0x113 ./Core/Src/stm32f1xx_it.o
 .debug_info    0x00000000000028ff      0x222 ./Core/Src/system_stm32f1xx.o
 .debug_info    0x0000000000002b21       0x23 ./Core/Startup/startup_stm32f103c8tx.o
 .debug_info    0x0000000000002b44      0x704 ./Drivers/STM32F1xx_HAL_Driver/Src/stm32f1xx_hal.o
 .debug_info    0x0000000000003248      0xa87 ./Drivers/STM32F1xx_HAL_Driver/Src/stm32f1xx_hal_cortex.o
 .debug_info    0x0000000000003ccf      0x5ab ./Drivers/STM32F1xx_HAL_Driver/Src/stm32f1xx_hal_gpio.o
 .debug_info    0x000000000000427a      0x7d5 ./Drivers/STM32F1xx_HAL_Driver/Src/stm32f1xx_hal_rcc.o
 .debug_info    0x0000000000004a4f     0x142d ./Drivers/STM32F1xx_HAL_Driver/Src/stm32f1xx_hal_spi.o

.debug_abbrev   0x0000000000000000     0x167b
 .debug_abbrev  0x0000000000000000      0x1f7 ./Core/Src/CANSPI.o
 .debug_abbrev  0x00000000000001f7      0x26c ./Core/Src/MCP2515.o
 .debug_abbrev  0x0000000000000463      0x2b8 ./Core/Src/main.o
 .debug_abbrev  0x000000000000071b      0x1ac ./Core/Src/stm32f1xx_hal_msp.o
 .debug_abbrev  0x00000000000008c7       0x73 ./Core/Src/stm32f1xx_it.o
 .debug_abbrev  0x000000000000093a      0x13f ./Core/Src/system_stm32f1xx.o
 .debug_abbrev  0x0000000000000a79       0x12 ./Core/Startup/startup_stm32f103c8tx.o
 .debug_abbrev  0x0000000000000a8b      0x201 ./Drivers/STM32F1xx_HAL_Driver/Src/stm32f1xx_hal.o
 .debug_abbrev  0x0000000000000c8c      0x2f8 ./Drivers/STM32F1xx_HAL_Driver/Src/stm32f1xx_hal_cortex.o
 .debug_abbrev  0x0000000000000f84      0x1ca ./Drivers/STM32F1xx_HAL_Driver/Src/stm32f1xx_hal_gpio.o
 .debug_abbrev  0x000000000000114e      0x2b3 ./Drivers/STM32F1xx_HAL_Driver/Src/stm32f1xx_hal_rcc.o
 .debug_abbrev  0x0000000000001401      0x27a ./Drivers/STM32F1xx_HAL_Driver/Src/stm32f1xx_hal_spi.o

.debug_aranges  0x0000000000000000      0x6d8
 .debug_aranges
                0x0000000000000000       0x70 ./Core/Src/CANSPI.o
 .debug_aranges
                0x0000000000000070       0xb0 ./Core/Src/MCP2515.o
 .debug_aranges
                0x0000000000000120       0x40 ./Core/Src/main.o
 .debug_aranges
                0x0000000000000160       0x30 ./Core/Src/stm32f1xx_hal_msp.o
 .debug_aranges
                0x0000000000000190       0x60 ./Core/Src/stm32f1xx_it.o
 .debug_aranges
                0x00000000000001f0       0x28 ./Core/Src/system_stm32f1xx.o
 .debug_aranges
                0x0000000000000218       0x28 ./Core/Startup/startup_stm32f103c8tx.o
 .debug_aranges
                0x0000000000000240       0xe0 ./Drivers/STM32F1xx_HAL_Driver/Src/stm32f1xx_hal.o
 .debug_aranges
                0x0000000000000320      0x100 ./Drivers/STM32F1xx_HAL_Driver/Src/stm32f1xx_hal_cortex.o
 .debug_aranges
                0x0000000000000420       0x58 ./Drivers/STM32F1xx_HAL_Driver/Src/stm32f1xx_hal_gpio.o
 .debug_aranges
                0x0000000000000478       0x90 ./Drivers/STM32F1xx_HAL_Driver/Src/stm32f1xx_hal_rcc.o
 .debug_aranges
                0x0000000000000508      0x1d0 ./Drivers/STM32F1xx_HAL_Driver/Src/stm32f1xx_hal_spi.o

.debug_rnglists
                0x0000000000000000      0x50c
 .debug_rnglists
                0x0000000000000000       0x53 ./Core/Src/CANSPI.o
 .debug_rnglists
                0x0000000000000053       0x7f ./Core/Src/MCP2515.o
 .debug_rnglists
                0x00000000000000d2       0x2d ./Core/Src/main.o
 .debug_rnglists
                0x00000000000000ff       0x20 ./Core/Src/stm32f1xx_hal_msp.o
 .debug_rnglists
                0x000000000000011f       0x43 ./Core/Src/stm32f1xx_it.o
 .debug_rnglists
                0x0000000000000162       0x1a ./Core/Src/system_stm32f1xx.o
 .debug_rnglists
                0x000000000000017c       0x19 ./Core/Startup/startup_stm32f103c8tx.o
 .debug_rnglists
                0x0000000000000195       0xa3 ./Drivers/STM32F1xx_HAL_Driver/Src/stm32f1xx_hal.o
 .debug_rnglists
                0x0000000000000238       0xbb ./Drivers/STM32F1xx_HAL_Driver/Src/stm32f1xx_hal_cortex.o
 .debug_rnglists
                0x00000000000002f3       0x3f ./Drivers/STM32F1xx_HAL_Driver/Src/stm32f1xx_hal_gpio.o
 .debug_rnglists
                0x0000000000000332       0x6c ./Drivers/STM32F1xx_HAL_Driver/Src/stm32f1xx_hal_rcc.o
 .debug_rnglists
                0x000000000000039e      0x16e ./Drivers/STM32F1xx_HAL_Driver/Src/stm32f1xx_hal_spi.o

.debug_macro    0x0000000000000000    0x1648d
 .debug_macro   0x0000000000000000      0x1be ./Core/Src/CANSPI.o
 .debug_macro   0x00000000000001be      0xa9c ./Core/Src/CANSPI.o
 .debug_macro   0x0000000000000c5a       0x22 ./Core/Src/CANSPI.o
 .debug_macro   0x0000000000000c7c      0x215 ./Core/Src/CANSPI.o
 .debug_macro   0x0000000000000e91       0x2e ./Core/Src/CANSPI.o
 .debug_macro   0x0000000000000ebf       0x22 ./Core/Src/CANSPI.o
 .debug_macro   0x0000000000000ee1       0x22 ./Core/Src/CANSPI.o
 .debug_macro   0x0000000000000f03       0x8e ./Core/Src/CANSPI.o
 .debug_macro   0x0000000000000f91       0x51 ./Core/Src/CANSPI.o
 .debug_macro   0x0000000000000fe2      0x103 ./Core/Src/CANSPI.o
 .debug_macro   0x00000000000010e5       0x6a ./Core/Src/CANSPI.o
 .debug_macro   0x000000000000114f      0x1df ./Core/Src/CANSPI.o
 .debug_macro   0x000000000000132e       0x1c ./Core/Src/CANSPI.o
 .debug_macro   0x000000000000134a       0x22 ./Core/Src/CANSPI.o
 .debug_macro   0x000000000000136c       0xbd ./Core/Src/CANSPI.o
 .debug_macro   0x0000000000001429      0xd23 ./Core/Src/CANSPI.o
 .debug_macro   0x000000000000214c     0xe09e ./Core/Src/CANSPI.o
 .debug_macro   0x00000000000101ea       0x6d ./Core/Src/CANSPI.o
 .debug_macro   0x0000000000010257     0x34a2 ./Core/Src/CANSPI.o
 .debug_macro   0x00000000000136f9      0x174 ./Core/Src/CANSPI.o
 .debug_macro   0x000000000001386d       0x5c ./Core/Src/CANSPI.o
 .debug_macro   0x00000000000138c9      0x5bc ./Core/Src/CANSPI.o
 .debug_macro   0x0000000000013e85      0x289 ./Core/Src/CANSPI.o
 .debug_macro   0x000000000001410e      0x1cb ./Core/Src/CANSPI.o
 .debug_macro   0x00000000000142d9      0x114 ./Core/Src/CANSPI.o
 .debug_macro   0x00000000000143ed      0x1b2 ./Core/Src/CANSPI.o
 .debug_macro   0x000000000001459f       0x27 ./Core/Src/CANSPI.o
 .debug_macro   0x00000000000145c6      0x136 ./Core/Src/CANSPI.o
 .debug_macro   0x00000000000146fc      0x1bc ./Core/Src/CANSPI.o
 .debug_macro   0x00000000000148b8       0x34 ./Core/Src/CANSPI.o
 .debug_macro   0x00000000000148ec       0x3c ./Core/Src/CANSPI.o
 .debug_macro   0x0000000000014928       0x57 ./Core/Src/CANSPI.o
 .debug_macro   0x000000000001497f       0x87 ./Core/Src/CANSPI.o
 .debug_macro   0x0000000000014a06      0x240 ./Core/Src/CANSPI.o
 .debug_macro   0x0000000000014c46      0x140 ./Core/Src/CANSPI.o
 .debug_macro   0x0000000000014d86      0x217 ./Core/Src/CANSPI.o
 .debug_macro   0x0000000000014f9d       0x83 ./Core/Src/CANSPI.o
 .debug_macro   0x0000000000015020       0x28 ./Core/Src/CANSPI.o
 .debug_macro   0x0000000000015048       0x10 ./Core/Src/CANSPI.o
 .debug_macro   0x0000000000015058      0x1ba ./Core/Src/CANSPI.o
 .debug_macro   0x0000000000015212      0x1cd ./Core/Src/MCP2515.o
 .debug_macro   0x00000000000153df      0x1b4 ./Core/Src/MCP2515.o
 .debug_macro   0x0000000000015593      0x1b9 ./Core/Src/main.o
 .debug_macro   0x000000000001574c      0x19d ./Core/Src/stm32f1xx_hal_msp.o
 .debug_macro   0x00000000000158e9      0x1a7 ./Core/Src/stm32f1xx_it.o
 .debug_macro   0x0000000000015a90      0x18e ./Core/Src/system_stm32f1xx.o
 .debug_macro   0x0000000000015c1e      0x1b2 ./Drivers/STM32F1xx_HAL_Driver/Src/stm32f1xx_hal.o
 .debug_macro   0x0000000000015dd0      0x18e ./Drivers/STM32F1xx_HAL_Driver/Src/stm32f1xx_hal_cortex.o
 .debug_macro   0x0000000000015f5e      0x1f9 ./Drivers/STM32F1xx_HAL_Driver/Src/stm32f1xx_hal_gpio.o
 .debug_macro   0x0000000000016157      0x1a0 ./Drivers/STM32F1xx_HAL_Driver/Src/stm32f1xx_hal_rcc.o
 .debug_macro   0x00000000000162f7      0x196 ./Drivers/STM32F1xx_HAL_Driver/Src/stm32f1xx_hal_spi.o

.debug_line     0x0000000000000000     0x725b
 .debug_line    0x0000000000000000      0x8fc ./Core/Src/CANSPI.o
 .debug_line    0x00000000000008fc      0x875 ./Core/Src/MCP2515.o
 .debug_line    0x0000000000001171      0x743 ./Core/Src/main.o
 .debug_line    0x00000000000018b4      0x66c ./Core/Src/stm32f1xx_hal_msp.o
 .debug_line    0x0000000000001f20      0x6da ./Core/Src/stm32f1xx_it.o
 .debug_line    0x00000000000025fa      0x696 ./Core/Src/system_stm32f1xx.o
 .debug_line    0x0000000000002c90       0x78 ./Core/Startup/startup_stm32f103c8tx.o
 .debug_line    0x0000000000002d08      0x8c3 ./Drivers/STM32F1xx_HAL_Driver/Src/stm32f1xx_hal.o
 .debug_line    0x00000000000035cb      0xaab ./Drivers/STM32F1xx_HAL_Driver/Src/stm32f1xx_hal_cortex.o
 .debug_line    0x0000000000004076      0x95c ./Drivers/STM32F1xx_HAL_Driver/Src/stm32f1xx_hal_gpio.o
 .debug_line    0x00000000000049d2      0xccc ./Drivers/STM32F1xx_HAL_Driver/Src/stm32f1xx_hal_rcc.o
 .debug_line    0x000000000000569e     0x1bbd ./Drivers/STM32F1xx_HAL_Driver/Src/stm32f1xx_hal_spi.o

.debug_str      0x0000000000000000    0x7e7de
 .debug_str     0x0000000000000000    0x7caff ./Core/Src/CANSPI.o
                                      0x7ce31 (size before relaxing)
 .debug_str     0x000000000007caff      0x597 ./Core/Src/MCP2515.o
                                      0x7cea3 (size before relaxing)
 .debug_str     0x000000000007d096      0x24f ./Core/Src/main.o
                                      0x7c8be (size before relaxing)
 .debug_str     0x000000000007d2e5       0x91 ./Core/Src/stm32f1xx_hal_msp.o
                                      0x7c603 (size before relaxing)
 .debug_str     0x000000000007d376       0xc9 ./Core/Src/stm32f1xx_it.o
                                      0x7c1bd (size before relaxing)
 .debug_str     0x000000000007d43f       0x7e ./Core/Src/system_stm32f1xx.o
                                      0x7c154 (size before relaxing)
 .debug_str     0x000000000007d4bd       0x34 ./Core/Startup/startup_stm32f103c8tx.o
                                         0x6c (size before relaxing)
 .debug_str     0x000000000007d4f1      0x5fd ./Drivers/STM32F1xx_HAL_Driver/Src/stm32f1xx_hal.o
                                      0x7c887 (size before relaxing)
 .debug_str     0x000000000007daee      0x2bb ./Drivers/STM32F1xx_HAL_Driver/Src/stm32f1xx_hal_cortex.o
                                      0x7c7d3 (size before relaxing)
 .debug_str     0x000000000007dda9      0x2d3 ./Drivers/STM32F1xx_HAL_Driver/Src/stm32f1xx_hal_gpio.o
                                      0x7c4da (size before relaxing)
 .debug_str     0x000000000007e07c      0x229 ./Drivers/STM32F1xx_HAL_Driver/Src/stm32f1xx_hal_rcc.o
                                      0x7c583 (size before relaxing)
 .debug_str     0x000000000007e2a5      0x539 ./Drivers/STM32F1xx_HAL_Driver/Src/stm32f1xx_hal_spi.o
                                      0x7ca7a (size before relaxing)

.debug_frame    0x0000000000000000     0x1a0c
 .debug_frame   0x0000000000000000      0x1a0 ./Core/Src/CANSPI.o
 .debug_frame   0x00000000000001a0      0x2b4 ./Core/Src/MCP2515.o
 .debug_frame   0x0000000000000454       0xac ./Core/Src/main.o
 .debug_frame   0x0000000000000500       0x80 ./Core/Src/stm32f1xx_hal_msp.o
 .debug_frame   0x0000000000000580      0x104 ./Core/Src/stm32f1xx_it.o
 .debug_frame   0x0000000000000684       0x58 ./Core/Src/system_stm32f1xx.o
 .debug_frame   0x00000000000006dc      0x334 ./Drivers/STM32F1xx_HAL_Driver/Src/stm32f1xx_hal.o
 .debug_frame   0x0000000000000a10      0x428 ./Drivers/STM32F1xx_HAL_Driver/Src/stm32f1xx_hal_cortex.o
 .debug_frame   0x0000000000000e38      0x14c ./Drivers/STM32F1xx_HAL_Driver/Src/stm32f1xx_hal_gpio.o
 .debug_frame   0x0000000000000f84      0x218 ./Drivers/STM32F1xx_HAL_Driver/Src/stm32f1xx_hal_rcc.o
 .debug_frame   0x000000000000119c      0x824 ./Drivers/STM32F1xx_HAL_Driver/Src/stm32f1xx_hal_spi.o
 .debug_frame   0x00000000000019c0       0x20 /opt/st/stm32cubeide_1.14.0/plugins/com.st.stm32cube.ide.mcu.externaltools.gnu-tools-for-stm32.11.3.rel1.linux64_1.1.100.202309141235/tools/bin/../lib/gcc/arm-none-eabi/11.3.1/../../../../arm-none-eabi/lib/thumb/v7-m/nofp/libc_nano.a(libc_a-memset.o)
 .debug_frame   0x00000000000019e0       0x2c /opt/st/stm32cubeide_1.14.0/plugins/com.st.stm32cube.ide.mcu.externaltools.gnu-tools-for-stm32.11.3.rel1.linux64_1.1.100.202309141235/tools/bin/../lib/gcc/arm-none-eabi/11.3.1/../../../../arm-none-eabi/lib/thumb/v7-m/nofp/libc_nano.a(libc_a-init.o)

.debug_line_str
                0x0000000000000000       0x60
 .debug_line_str
                0x0000000000000000       0x60 ./Core/Startup/startup_stm32f103c8tx.o
                                         0x78 (size before relaxing)
